SR_
SS_
SM_
PK_
UQ_
FK_
SU_
LK_
CS_
OWNER_
HIDDEN
FONT_STYLE
FONT_COLOR
CELL_COLOR
_BLOCKIDS
_VARNAMES
_LEVELS
_OPERATIONS
_OPGROUPS
_WORKPLASES
_VARGROUPS
_GROUPS
_SETTINGS
_SYSLOG
_USERS
_USER
_LOG
_OPER
_MSG
_WP
_OPGLINKS
_OPWLINKS
_OPRLINKS
_GRP
_OPR
_USR
_SUS
_OPG
_HISTORY
_REPORTS
_ATTACHMENTS
_SYSUSERS
ID
NAME
NOTES
DEF_VALUE
TYPE INT
VALUE_INT
VALUE_REAL
VALUE_CHAR
PASSWORD
DELETED
BLOCKED
CREATED
CHANGED
COUNT_EP
SENDED
TITLE
ADDRESS
MESSAGES
MESSAGE
OPENED
CLOSED
FORM
REPORT
OBJECT_
FILEname
FILEDATA
FILETIME
FILESIZE
LEVEL_
LEVELS_
Vsr_operations_ALL
Vsr_operations_WORK
Vsr_operations_LIST
Vsr_operations_user
Vss_syslog
Vss_settings
INFO
HOST
NETUSER
TYPE
_DELETE
SP_SYS_CH_DB_VERSION
@VER
SP_SYS_GROUP_ADD_operATION
SP_SYS_GROUP_DEL_operATION
SP_SYS_user_ADD_operATION
SP_SYS_user_DEL_operATION
SP_SYS_user_ADD_OPGROUP
SP_SYS_user_DEL_OPGROUP
SP_SYS_GROUP_UNLINK_users
SP_SYS_GROUP_UNLINK_operS
SP_SYS_GROUP_UNLINK_ALL
SP_SYS_user_UNLINK_operS
SP_SYS_user_UNLINK_groups
SP_SYS_user_UNLINK_ALL